Traceback (most recent call last):
  File "/mnt/rapidita_4T/GitHub/Biodiversity_Chile/scripts/11_run_conv.py", line 295, in <module>
    main()
  File "/mnt/rapidita_4T/GitHub/Biodiversity_Chile/scripts/11_run_conv.py", line 253, in main
    run(args.substrate, ix, args)
  File "/mnt/rapidita_4T/GitHub/Biodiversity_Chile/scripts/11_run_conv.py", line 143, in run
    run_dl(family=fam, run_id=ident, scheme=args.scheme, substrate=substrate, index=index,
  File "/mnt/rapidita_4T/GitHub/Biodiversity_Chile/src/biodiv/dl_runner.py", line 115, in run_dl
    s = sub.make_substrate(substrate, index=index, derived=derived, px=px,
        ^^^^^^^^^^^^^^^^^^^^^^^^^^^^^^^^^^^^^^^^^^^^^^^^^^^^^^^^^^^^^^^^^^
  File "/mnt/rapidita_4T/GitHub/Biodiversity_Chile/src/biodiv/substrates.py", line 172, in make_substrate
    curves, ids = load_curves(index, derived, px, ids)
                  ^^^^^^^^^^^^^^^^^^^^^^^^^^^^^^^^^^^^
  File "/mnt/rapidita_4T/GitHub/Biodiversity_Chile/src/biodiv/substrates.py", line 104, in load_curves
    [t.curves.xs((ix, px), level=("index", "px")).reindex(ids)[STEP_COLS].to_numpy(np.float32)
  File "/mnt/rapidita_4T/GitHub/Biodiversity_Chile/src/biodiv/substrates.py", line 104, in <listcomp>
    [t.curves.xs((ix, px), level=("index", "px")).reindex(ids)[STEP_COLS].to_numpy(np.float32)
     ~~~~~~~~~~~~~~~~~~~~~~~~~~~~~~~~~~~~~~~~~~~~~~~~~~~~~~~~~^^^^^^^^^^^
  File "/home/javier/miniconda3/lib/python3.11/site-packages/pandas/core/frame.py", line 3813, in __getitem__
    indexer = self.columns._get_indexer_strict(key, "columns")[1]
              ^^^^^^^^^^^^^^^^^^^^^^^^^^^^^^^^^^^^^^^^^^^^^^^^
  File "/home/javier/miniconda3/lib/python3.11/site-packages/pandas/core/indexes/base.py", line 6070, in _get_indexer_strict
    self._raise_if_missing(keyarr, indexer, axis_name)
  File "/home/javier/miniconda3/lib/python3.11/site-packages/pandas/core/indexes/base.py", line 6133, in _raise_if_missing
    raise KeyError(f"{not_found} not in index")
KeyError: "['s36', 's37', 's38', 's39', 's40', 's41', 's42', 's43', 's44', 's45', 's46', 's47', 's48', 's49', 's50', 's51'] not in index"
