1082 cubes  |  RAW 3-year series  |  nGS=196 rollWindow=5 rollMode=shrink
phenosensing: /mnt/rapidita_4T/GitHub/PhenoSensing/phenosensing
  [100/1082] 0.0 min
  [200/1082] 0.0 min
  [300/1082] 0.0 min
  [400/1082] 0.0 min
  [500/1082] 0.1 min
  [600/1082] 0.1 min
  [700/1082] 0.1 min
  [800/1082] 0.1 min
  [900/1082] 0.1 min
  [1000/1082] 0.1 min
  [1082/1082] 0.1 min

1082 plots refitted in 0.2 min

Year-boundary step, median over plots:

  index       before      after   shrink  after / typical step
  ndvi       0.04754    0.00427    11.1x                 0.57x
  evi        0.02734    0.00337     8.1x                 0.79x
  kndvi      0.03318    0.00349     9.5x                 0.52x
  nbr        0.04425    0.00430    10.3x                 0.58x
  savi       0.02811    0.00340     8.3x                 0.83x

The ratio should come DOWN but NOT to 1. Part of the boundary step is real: a
multi-year composite joins the end of one year to the start of the next, so if
productivity changed the two ends genuinely differ. Regressed on the interannual
trend the step has slope -1.31, against the -1 the compositing predicts. A ratio
near 1 would mean that signal had been erased too -- which is what `--recon
harmonic` does. See docs/13_phenology_year_boundary.md.

  -> data/derived/phenoshape_{by_index,pixels,doy_grid}_raw196.parquet
  -> data/derived/refit_report_raw196.csv

Next: scripts/04_recompute_lsp.py on the new curves, then the model matrix.

