
== hill_q0_unified / curva / evi ==  ΔR² contra nc (R² nc: {'todas': 0.345, '<5': 0.429, '5-15': 0.392, '15-25': 0.329, '>25': 0.211}; n: {'todas': 3102, '<5': 507, '5-15': 1170, '15-25': 859, '>25': 566})
version     nc   tccs  tccsall   tcfe
slope_cls                            
todas      0.0 -0.001   -0.001 -0.006
<5         0.0  0.014    0.006  0.006
5-15       0.0 -0.005   -0.009 -0.004
15-25      0.0 -0.001    0.006 -0.010
>25        0.0 -0.002    0.002 -0.013

== hill_q0_unified / curva / kndvi ==  ΔR² contra nc (R² nc: {'todas': 0.359, '<5': 0.471, '5-15': 0.396, '15-25': 0.349, '>25': 0.217}; n: {'todas': 3102, '<5': 507, '5-15': 1170, '15-25': 859, '>25': 566})
version     nc  null1  null2  null3   tccs  tccsall   tcfe
slope_cls                                                 
todas      0.0  0.000 -0.003 -0.003 -0.005    0.001 -0.003
<5         0.0 -0.008 -0.009  0.004 -0.001   -0.009 -0.006
5-15       0.0  0.001 -0.003 -0.004 -0.007   -0.002  0.002
15-25      0.0  0.005  0.001 -0.003 -0.007   -0.003 -0.010
>25        0.0 -0.001 -0.005 -0.004 -0.001    0.023  0.001

== hill_q0_unified / curva / savi ==  ΔR² contra nc (R² nc: {'todas': 0.344, '<5': 0.44, '5-15': 0.389, '15-25': 0.328, '>25': 0.205}; n: {'todas': 3102, '<5': 507, '5-15': 1170, '15-25': 859, '>25': 566})
version     nc   tccs  tccsall   tcfe
slope_cls                            
todas      0.0  0.002    0.007  0.001
<5         0.0  0.015    0.000  0.005
5-15       0.0  0.005    0.001  0.010
15-25      0.0 -0.009    0.015 -0.010
>25        0.0  0.002    0.009 -0.002

== hill_q0_unified / gm / bandas ==  ΔR² contra nc (R² nc: {'todas': 0.39, '<5': 0.486, '5-15': 0.436, '15-25': 0.349, '>25': 0.284}; n: {'todas': 3102, '<5': 507, '5-15': 1170, '15-25': 859, '>25': 566})
version     nc  null1  null2  null3   tccs  tccsall   tcfe
slope_cls                                                 
todas      0.0 -0.003 -0.000 -0.000  0.001    0.003 -0.005
<5         0.0 -0.009 -0.004  0.003  0.002   -0.001 -0.005
5-15       0.0  0.004 -0.000  0.006  0.010    0.011  0.014
15-25      0.0 -0.008 -0.002 -0.007 -0.005   -0.013 -0.018
>25        0.0 -0.004  0.005 -0.007 -0.008    0.013 -0.026

== hill_q0_unified / lsp / evi ==  ΔR² contra nc (R² nc: {'todas': 0.288, '<5': 0.397, '5-15': 0.343, '15-25': 0.241, '>25': 0.163}; n: {'todas': 3102, '<5': 507, '5-15': 1170, '15-25': 859, '>25': 566})
version     nc   tccs  tccsall   tcfe
slope_cls                            
todas      0.0  0.009    0.013  0.011
<5         0.0 -0.003    0.004 -0.005
5-15       0.0 -0.011    0.009  0.003
15-25      0.0  0.037    0.032  0.029
>25        0.0  0.016    0.003  0.013

== hill_q0_unified / lsp / kndvi ==  ΔR² contra nc (R² nc: {'todas': 0.337, '<5': 0.436, '5-15': 0.39, '15-25': 0.312, '>25': 0.194}; n: {'todas': 3102, '<5': 507, '5-15': 1170, '15-25': 859, '>25': 566})
version     nc  null1  null2  null3   tccs  tccsall   tcfe
slope_cls                                                 
todas      0.0 -0.009 -0.010 -0.011 -0.012   -0.011 -0.014
<5         0.0 -0.000  0.004 -0.007  0.006   -0.015 -0.001
5-15       0.0 -0.007 -0.010 -0.017 -0.011   -0.009 -0.004
15-25      0.0 -0.018 -0.018 -0.013 -0.030   -0.017 -0.036
>25        0.0 -0.004 -0.010  0.000 -0.000   -0.003 -0.013

== hill_q0_unified / lsp / savi ==  ΔR² contra nc (R² nc: {'todas': 0.288, '<5': 0.406, '5-15': 0.343, '15-25': 0.232, '>25': 0.171}; n: {'todas': 3102, '<5': 507, '5-15': 1170, '15-25': 859, '>25': 566})
version     nc   tccs  tccsall   tcfe
slope_cls                            
todas      0.0  0.008    0.015  0.016
<5         0.0  0.007   -0.021  0.004
5-15       0.0  0.002    0.018  0.013
15-25      0.0  0.028    0.046  0.038
>25        0.0 -0.007   -0.008  0.001

== lcbd_count_sorensen / curva / evi ==  ΔR² contra nc (R² nc: {'todas': 0.434, '<5': 0.282, '5-15': 0.436, '15-25': 0.498, '>25': 0.48}; n: {'todas': 2499, '<5': 412, '5-15': 936, '15-25': 686, '>25': 465})
version     nc   tccs  tccsall   tcfe
slope_cls                            
todas      0.0  0.002    0.009  0.004
<5         0.0 -0.008   -0.007 -0.008
5-15       0.0  0.003    0.003  0.009
15-25      0.0  0.003    0.004  0.003
>25        0.0  0.006    0.044  0.007

== lcbd_count_sorensen / curva / kndvi ==  ΔR² contra nc (R² nc: {'todas': 0.447, '<5': 0.298, '5-15': 0.445, '15-25': 0.503, '>25': 0.508}; n: {'todas': 2499, '<5': 412, '5-15': 936, '15-25': 686, '>25': 465})
version     nc  null1  null2  null3   tccs  tccsall   tcfe
slope_cls                                                 
todas      0.0  0.000  0.000  0.000  0.001   -0.000 -0.002
<5         0.0  0.006  0.004 -0.003  0.006   -0.001  0.000
5-15       0.0  0.002 -0.003  0.002  0.002    0.001 -0.000
15-25      0.0 -0.008  0.002 -0.004 -0.006   -0.006  0.001
>25        0.0  0.002  0.002  0.004 -0.000    0.007 -0.012

== lcbd_count_sorensen / curva / savi ==  ΔR² contra nc (R² nc: {'todas': 0.433, '<5': 0.29, '5-15': 0.431, '15-25': 0.501, '>25': 0.474}; n: {'todas': 2499, '<5': 412, '5-15': 936, '15-25': 686, '>25': 465})
version     nc   tccs  tccsall   tcfe
slope_cls                            
todas      0.0  0.005    0.012  0.006
<5         0.0 -0.003   -0.001 -0.008
5-15       0.0  0.011    0.009  0.011
15-25      0.0 -0.001    0.002 -0.001
>25        0.0  0.008    0.045  0.015

== lcbd_count_sorensen / gm / bandas ==  ΔR² contra nc (R² nc: {'todas': 0.464, '<5': 0.374, '5-15': 0.459, '15-25': 0.523, '>25': 0.476}; n: {'todas': 2499, '<5': 412, '5-15': 936, '15-25': 686, '>25': 465})
version     nc  null1  null2  null3   tccs  tccsall   tcfe
slope_cls                                                 
todas      0.0 -0.003 -0.006 -0.005  0.002    0.010 -0.002
<5         0.0 -0.001 -0.006 -0.007 -0.005   -0.009 -0.012
5-15       0.0 -0.005 -0.006 -0.006 -0.007   -0.003 -0.006
15-25      0.0 -0.009 -0.008 -0.004  0.006    0.014  0.004
>25        0.0  0.006 -0.002 -0.001  0.020    0.050  0.010

== lcbd_count_sorensen / lsp / evi ==  ΔR² contra nc (R² nc: {'todas': 0.44, '<5': 0.318, '5-15': 0.433, '15-25': 0.504, '>25': 0.479}; n: {'todas': 2499, '<5': 412, '5-15': 936, '15-25': 686, '>25': 465})
version     nc   tccs  tccsall   tcfe
slope_cls                            
todas      0.0  0.003    0.015  0.007
<5         0.0  0.002    0.011  0.001
5-15       0.0 -0.001    0.011  0.010
15-25      0.0 -0.001    0.016 -0.006
>25        0.0  0.019    0.028  0.023

== lcbd_count_sorensen / lsp / kndvi ==  ΔR² contra nc (R² nc: {'todas': 0.445, '<5': 0.334, '5-15': 0.439, '15-25': 0.507, '>25': 0.473}; n: {'todas': 2499, '<5': 412, '5-15': 936, '15-25': 686, '>25': 465})
version     nc  null1  null2  null3   tccs  tccsall   tcfe
slope_cls                                                 
todas      0.0  0.000  0.010  0.001  0.004   -0.000  0.005
<5         0.0  0.005  0.014  0.000  0.002   -0.009 -0.002
5-15       0.0 -0.003  0.004 -0.004  0.001    0.002  0.000
15-25      0.0  0.005  0.012  0.007  0.009    0.006  0.007
>25        0.0 -0.003  0.017  0.006  0.006   -0.005  0.019

== lcbd_count_sorensen / lsp / savi ==  ΔR² contra nc (R² nc: {'todas': 0.449, '<5': 0.332, '5-15': 0.441, '15-25': 0.517, '>25': 0.476}; n: {'todas': 2499, '<5': 412, '5-15': 936, '15-25': 686, '>25': 465})
version     nc   tccs  tccsall   tcfe
slope_cls                            
todas      0.0  0.003    0.006  0.001
<5         0.0 -0.004    0.002 -0.008
5-15       0.0  0.005    0.004 -0.005
15-25      0.0 -0.008   -0.001 -0.004
>25        0.0  0.017    0.026  0.029

== lcbd_pa_unified / curva / evi ==  ΔR² contra nc (R² nc: {'todas': 0.37, '<5': 0.27, '5-15': 0.367, '15-25': 0.42, '>25': 0.362}; n: {'todas': 3094, '<5': 504, '5-15': 1167, '15-25': 857, '>25': 566})
version     nc   tccs  tccsall   tcfe
slope_cls                            
todas      0.0  0.004    0.011  0.000
<5         0.0  0.008    0.011  0.008
5-15       0.0 -0.003    0.001 -0.008
15-25      0.0  0.004    0.015  0.004
>25        0.0  0.015    0.026  0.006

== lcbd_pa_unified / curva / kndvi ==  ΔR² contra nc (R² nc: {'todas': 0.392, '<5': 0.283, '5-15': 0.393, '15-25': 0.426, '>25': 0.404}; n: {'todas': 3094, '<5': 504, '5-15': 1167, '15-25': 857, '>25': 566})
version     nc  null1  null2  null3   tccs  tccsall   tcfe
slope_cls                                                 
todas      0.0  0.001  0.001  0.002  0.000   -0.001 -0.001
<5         0.0  0.004  0.005  0.003  0.004   -0.000  0.003
5-15       0.0 -0.002 -0.003  0.003  0.003   -0.001  0.000
15-25      0.0  0.002  0.003  0.004  0.000    0.000  0.001
>25        0.0 -0.000  0.003 -0.005 -0.007   -0.006 -0.011

== lcbd_pa_unified / curva / savi ==  ΔR² contra nc (R² nc: {'todas': 0.371, '<5': 0.277, '5-15': 0.364, '15-25': 0.421, '>25': 0.365}; n: {'todas': 3094, '<5': 504, '5-15': 1167, '15-25': 857, '>25': 566})
version     nc   tccs  tccsall   tcfe
slope_cls                            
todas      0.0  0.006    0.005  0.004
<5         0.0  0.007    0.002  0.002
5-15       0.0  0.003   -0.003 -0.000
15-25      0.0  0.003    0.003  0.007
>25        0.0  0.016    0.022  0.009

== lcbd_pa_unified / gm / bandas ==  ΔR² contra nc (R² nc: {'todas': 0.396, '<5': 0.366, '5-15': 0.378, '15-25': 0.422, '>25': 0.395}; n: {'todas': 3094, '<5': 504, '5-15': 1167, '15-25': 857, '>25': 566})
version     nc  null1  null2  null3   tccs  tccsall   tcfe
slope_cls                                                 
todas      0.0  0.002 -0.001 -0.003 -0.000    0.005  0.004
<5         0.0  0.002 -0.008 -0.006  0.005    0.006  0.007
5-15       0.0  0.001 -0.001 -0.002  0.003    0.004  0.007
15-25      0.0  0.008  0.005  0.001 -0.002    0.008  0.006
>25        0.0 -0.004 -0.003 -0.006 -0.007    0.003 -0.010

== lcbd_pa_unified / lsp / evi ==  ΔR² contra nc (R² nc: {'todas': 0.381, '<5': 0.33, '5-15': 0.364, '15-25': 0.419, '>25': 0.373}; n: {'todas': 3094, '<5': 504, '5-15': 1167, '15-25': 857, '>25': 566})
version     nc   tccs  tccsall   tcfe
slope_cls                            
todas      0.0 -0.011    0.003  0.010
<5         0.0  0.000    0.017  0.009
5-15       0.0 -0.015   -0.001  0.014
15-25      0.0 -0.019   -0.005  0.008
>25        0.0 -0.003    0.011  0.010

== lcbd_pa_unified / lsp / kndvi ==  ΔR² contra nc (R² nc: {'todas': 0.373, '<5': 0.297, '5-15': 0.374, '15-25': 0.41, '>25': 0.356}; n: {'todas': 3094, '<5': 504, '5-15': 1167, '15-25': 857, '>25': 566})
version     nc  null1  null2  null3   tccs  tccsall   tcfe
slope_cls                                                 
todas      0.0 -0.000  0.007 -0.002  0.003    0.009  0.018
<5         0.0 -0.002  0.003 -0.002  0.001    0.000  0.008
5-15       0.0 -0.001  0.007 -0.009  0.008    0.008  0.017
15-25      0.0  0.001  0.009 -0.003 -0.000    0.010  0.028
>25        0.0  0.001  0.008  0.014  0.003    0.014  0.017

== lcbd_pa_unified / lsp / savi ==  ΔR² contra nc (R² nc: {'todas': 0.375, '<5': 0.315, '5-15': 0.367, '15-25': 0.418, '>25': 0.353}; n: {'todas': 3094, '<5': 504, '5-15': 1167, '15-25': 857, '>25': 566})
version     nc   tccs  tccsall   tcfe
slope_cls                            
todas      0.0 -0.002    0.002  0.013
<5         0.0 -0.002    0.024  0.000
5-15       0.0 -0.004   -0.006  0.016
15-25      0.0 -0.008   -0.009  0.006
>25        0.0  0.013    0.014  0.028

-> /mnt/rapidita_4T/GitHub/Biodiversity_Chile/results/models_topocorr/r2_by_slope.csv
