The following package(s) were loaded before renv activated this project:
- BiocManager [~/.cache/R/renv/cache/v5/linux-pop-jammy/R-4.6/x86_64-pc-linux-gnu/BiocManager/1.30.27/594af2c6021b55271b6759d004a25ca2/BiocManager]
These packages are not managed by renv and may cause `renv::status()`
and `renv::snapshot()` to report inconsistencies. Restart R in a clean
session to recover. The paths above may help identify where each
package was loaded from.
Set `RENV_CONFIG_NAMESPACES_CHECK=FALSE` to silence this check.

- The project is out-of-sync -- use `renv::status()` for details.
== pool de conteo (parcelas con LCBD) ==
  2499 parcelas x 261 especies (lcbd_count_sorensen.parquet)

== [parcelas_cl] 479 parcelas x 221 especies, reps=100; tamanos: 10, 14, 20, 29, 41, 58, 83, 117, 167, 237, 337, 479 ==

== [living_trees] 2020 parcelas x 76 especies, reps=100; tamanos: 10, 16, 26, 43, 69, 112, 181, 293, 475, 769, 1247, 2020 ==

== [pooled] 2499 parcelas x 261 especies, reps=100; tamanos: 10, 17, 27, 45, 74, 123, 203, 336, 554, 916, 1513, 2499 ==
  0.5 min
-> data/derived/unified_beta_freq_curve.csv (108 filas)

== resumen (n chico -> n grande, por q) ==
  parcelas_cl  q=0  n=  10: alfa=7.71 beta=6.88 gamma=52.9  ->  n= 479: alfa=7.63 beta=28.97 gamma=221.0
  parcelas_cl  q=1  n=  10: alfa=3.00 beta=6.09 gamma=18.2  ->  n= 479: alfa=2.90 beta=14.41 gamma=41.8
  parcelas_cl  q=2  n=  10: alfa=2.15 beta=5.77 gamma=12.3  ->  n= 479: alfa=2.06 beta=10.53 gamma=21.7
  living_trees q=0  n=  10: alfa=3.58 beta=6.48 gamma=22.9  ->  n=2020: alfa=3.61 beta=21.05 gamma=76.0
  living_trees q=1  n=  10: alfa=2.28 beta=6.02 gamma=13.7  ->  n=2020: alfa=2.24 beta=13.15 gamma=29.4
  living_trees q=2  n=  10: alfa=1.79 beta=5.80 gamma=10.4  ->  n=2020: alfa=1.73 beta=10.86 gamma=18.8
  pooled       q=0  n=  10: alfa=4.43 beta=7.26 gamma=32.5  ->  n=2499: alfa=4.38 beta=59.58 gamma=261.0
  pooled       q=1  n=  10: alfa=2.46 beta=6.69 gamma=16.5  ->  n=2499: alfa=2.35 beta=18.63 gamma=43.8
  pooled       q=2  n=  10: alfa=1.88 beta=6.52 gamma=12.3  ->  n=2499: alfa=1.78 beta=14.23 gamma=25.4

listo.
