=== linear / shrink  10:42:29
=== linear / reflect  10:42:42
=== savgol / shrink  10:42:55
=== savgol / reflect  10:43:12
=== whittaker / shrink  10:43:30
=== whittaker / reflect  10:43:43
=== RBF / shrink  10:43:56
=== RBF / reflect  10:44:27
=== harmonic / shrink  10:44:58
=== harmonic / reflect  10:45:13
=== dlog_beck / shrink  10:45:27
=== dlog_beck / reflect  11:00:29
=== dlog_elmore / shrink  11:15:29
=== dlog_elmore / reflect  11:20:45
=== agauss / shrink  11:25:53
=== agauss / reflect  11:40:15
=== upper_envelope / shrink  11:54:25
=== upper_envelope / reflect  11:54:40
=== KDE / shrink  11:54:54
=== KDE / reflect  11:55:26
=== fin 2026-08-10 11:55:59
