cluster option fields: ['aws_access_key_id', 'aws_secret_access_key', 'aws_session_token', 'cuda_worker', 'db_name', 'db_password', 'db_username', 'easi_user_allocation', 'image', 'image_pull_policy', 'node_selection', 'service_account', 'worker_cores', 'worker_memory', 'worker_threads']
cluster easihub.cb955db35dd04d83b3fa9c5ac01227d8, waiting for workers

--- tls://10.0.124.176:36657
{
 "host": "dask-worker-cb955db35dd04d83b3fa9c5ac01227d8-g52qx",
 "cpus": 16,
 "mem_gb": 28.0,
 "home_visible": false,
 "repo_visible": false,
 "ckpt_visible": false,
 "mapbiomas_visible": false,
 "v_torch": "2.12.0+cpu",
 "v_datacube": "1.9.18",
 "v_rasterio": "1.5.0",
 "v_numpy": "2.3.5",
 "v_pandas": "3.0.3",
 "v_sklearn": "1.8.0",
 "v_odc.geo": "0.5.1",
 "odc_products": 43,
 "env_names": [
  "AWS_ACCESS_KEY_ID",
  "AWS_MAX_ATTEMPTS",
  "AWS_RETRY_MODE",
  "AWS_SECRET_ACCESS_KEY",
  "AWS_SESSION_TOKEN",
  "DB_DATABASE",
  "DB_HOSTNAME",
  "DB_INDEX_DRIVER",
  "DB_PASSWORD",
  "DB_PORT",
  "DB_USERNAME",
  "EASI_EXPLORER_DATACUBE_EXPLORER_PORT",
  "EASI_EXPLORER_DATACUBE_EXPLORER_PORT_80_TCP",
  "EASI_EXPLORER_DATACUBE_EXPLORER_PORT_80_TCP_ADDR",
  "EASI_EXPLORER_DATACUBE_EXPLORER_PORT_80_TCP_PORT",
  "EASI_EXPLORER_DATACUBE_EXPLORER_PORT_80_TCP_PROTO",
  "EASI_EXPLORER_DATACUBE_EXPLORER_SERVICE_HOST",
  "EASI_EXPLORER_DATACUBE_EXPLORER_SERVICE_PORT",
  "EASI_EXPLORER_DATACUBE_EXPLORER_SERVICE_PORT_HTTP",
  "EASI_OWS_DATACUBE_OWS_PORT",
  "EASI_OWS_DATACUBE_OWS_PORT_80_TCP",
  "EASI_OWS_DATACUBE_OWS_PORT_80_TCP_ADDR",
  "EASI_OWS_DATACUBE_OWS_PORT_80_TCP_PORT",
  "EASI_OWS_DATACUBE_OWS_PORT_80_TCP_PROTO",
  "EASI_OWS_DATACUBE_OWS_SERVICE_HOST",
  "EASI_OWS_DATACUBE_OWS_SERVICE_PORT",
  "EASI_OWS_DATACUBE_OWS_SERVICE_PORT_80"
 ]
}

--- tls://10.0.124.177:41695
{
 "host": "dask-worker-cb955db35dd04d83b3fa9c5ac01227d8-l5dxb",
 "cpus": 16,
 "mem_gb": 28.0,
 "home_visible": false,
 "repo_visible": false,
 "ckpt_visible": false,
 "mapbiomas_visible": false,
 "v_torch": "2.12.0+cpu",
 "v_datacube": "1.9.18",
 "v_rasterio": "1.5.0",
 "v_numpy": "2.3.5",
 "v_pandas": "3.0.3",
 "v_sklearn": "1.8.0",
 "v_odc.geo": "0.5.1",
 "odc_products": 43,
 "env_names": [
  "AWS_ACCESS_KEY_ID",
  "AWS_MAX_ATTEMPTS",
  "AWS_RETRY_MODE",
  "AWS_SECRET_ACCESS_KEY",
  "AWS_SESSION_TOKEN",
  "DB_DATABASE",
  "DB_HOSTNAME",
  "DB_INDEX_DRIVER",
  "DB_PASSWORD",
  "DB_PORT",
  "DB_USERNAME",
  "EASI_EXPLORER_DATACUBE_EXPLORER_PORT",
  "EASI_EXPLORER_DATACUBE_EXPLORER_PORT_80_TCP",
  "EASI_EXPLORER_DATACUBE_EXPLORER_PORT_80_TCP_ADDR",
  "EASI_EXPLORER_DATACUBE_EXPLORER_PORT_80_TCP_PORT",
  "EASI_EXPLORER_DATACUBE_EXPLORER_PORT_80_TCP_PROTO",
  "EASI_EXPLORER_DATACUBE_EXPLORER_SERVICE_HOST",
  "EASI_EXPLORER_DATACUBE_EXPLORER_SERVICE_PORT",
  "EASI_EXPLORER_DATACUBE_EXPLORER_SERVICE_PORT_HTTP",
  "EASI_OWS_DATACUBE_OWS_PORT",
  "EASI_OWS_DATACUBE_OWS_PORT_80_TCP",
  "EASI_OWS_DATACUBE_OWS_PORT_80_TCP_ADDR",
  "EASI_OWS_DATACUBE_OWS_PORT_80_TCP_PORT",
  "EASI_OWS_DATACUBE_OWS_PORT_80_TCP_PROTO",
  "EASI_OWS_DATACUBE_OWS_SERVICE_HOST",
  "EASI_OWS_DATACUBE_OWS_SERVICE_PORT",
  "EASI_OWS_DATACUBE_OWS_SERVICE_PORT_80"
 ]
}

cluster shut down
