# logs_topo.log -> 03_extract_topography.py
#
# Log condensado para versionarlo. Original: 256 lineas, 0.0 MB.
# Solo se colapsaron los bloques de advertencia (linea de Warning + su eco de codigo),
# contabilizados al final. Ninguna linea de salida del script fue eliminada.

parcelas: 1082 | celdas: 240
[1/240] 25_1184: 1 parcelas
[2/240] 26_1184: 1 parcelas
[3/240] 29_1162: 1 parcelas
[4/240] 29_1182: 1 parcelas
[5/240] 30_1160: 2 parcelas
[6/240] 30_1161: 2 parcelas
[7/240] 30_1162: 1 parcelas
[8/240] 30_1185: 1 parcelas
[9/240] 31_1182: 1 parcelas
[10/240] 31_1206: 1 parcelas
[11/240] 33_1163: 1 parcelas
[12/240] 33_1193: 1 parcelas
[13/240] 33_1202: 1 parcelas
[14/240] 34_1198: 1 parcelas
[15/240] 34_1201: 6 parcelas
[16/240] 34_1202: 7 parcelas
[17/240] 35_1197: 23 parcelas
[18/240] 35_1201: 4 parcelas
[19/240] 36_1199: 3 parcelas
[20/240] 36_1200: 12 parcelas
[21/240] 36_1201: 4 parcelas
[22/240] 36_1206: 1 parcelas
[23/240] 37_1196: 5 parcelas
[24/240] 37_1200: 4 parcelas
[25/240] 37_1201: 3 parcelas
[26/240] 37_1202: 9 parcelas
[27/240] 37_1203: 8 parcelas
[28/240] 37_1206: 9 parcelas
[29/240] 38_1199: 1 parcelas
[30/240] 38_1201: 1 parcelas
[31/240] 38_1203: 14 parcelas
[32/240] 38_1205: 5 parcelas
[33/240] 38_1206: 17 parcelas
[34/240] 38_1207: 1 parcelas
[35/240] 39_1199: 3 parcelas
[36/240] 39_1202: 1 parcelas
[37/240] 39_1203: 1 parcelas
[38/240] 39_1205: 1 parcelas
[39/240] 39_1206: 8 parcelas
[40/240] 39_1207: 10 parcelas
[41/240] 39_1211: 2 parcelas
[42/240] 40_1199: 1 parcelas
[43/240] 40_1214: 3 parcelas
[44/240] 40_1215: 3 parcelas
[45/240] 41_1214: 2 parcelas
[46/240] 41_1215: 2 parcelas
[47/240] 42_1214: 1 parcelas
[48/240] 43_1211: 2 parcelas
[49/240] 43_1212: 1 parcelas
[50/240] 44_1209: 8 parcelas
[51/240] 44_1211: 1 parcelas
[52/240] 44_1213: 2 parcelas
[53/240] 46_1239: 1 parcelas
[54/240] 46_1243: 1 parcelas
[55/240] 47_1213: 1 parcelas
[56/240] 47_1223: 11 parcelas
[57/240] 49_1321: 3 parcelas
[58/240] 50_1179: 1 parcelas
[59/240] 50_1261: 1 parcelas
[60/240] 51_1165: 1 parcelas
[61/240] 51_1166: 1 parcelas
[62/240] 51_1250: 4 parcelas
[63/240] 51_1261: 3 parcelas
[64/240] 51_1267: 1 parcelas
[65/240] 52_1169: 1 parcelas
[66/240] 52_1266: 3 parcelas
[67/240] 53_1172: 1 parcelas
[68/240] 53_1177: 1 parcelas
[69/240] 53_1183: 1 parcelas
[70/240] 53_1184: 1 parcelas
[71/240] 53_1265: 1 parcelas
[72/240] 53_1272: 5 parcelas
[73/240] 53_1288: 1 parcelas
[74/240] 53_1290: 2 parcelas
[75/240] 53_1293: 1 parcelas
[76/240] 53_1296: 1 parcelas
[77/240] 54_1251: 3 parcelas
[78/240] 54_1252: 1 parcelas
[79/240] 54_1257: 2 parcelas
[80/240] 54_1263: 4 parcelas
[81/240] 54_1264: 3 parcelas
[82/240] 54_1269: 5 parcelas
[83/240] 54_1271: 2 parcelas
[84/240] 54_1272: 2 parcelas
[85/240] 54_1273: 2 parcelas
[86/240] 54_1278: 3 parcelas
[87/240] 54_1287: 21 parcelas
[88/240] 55_1190: 1 parcelas
[89/240] 55_1253: 1 parcelas
[90/240] 55_1259: 11 parcelas
[91/240] 55_1260: 4 parcelas
[92/240] 55_1274: 1 parcelas
[93/240] 55_1276: 1 parcelas
[94/240] 55_1277: 11 parcelas
[95/240] 55_1278: 14 parcelas
[96/240] 55_1279: 6 parcelas
[97/240] 56_1172: 1 parcelas
[98/240] 56_1190: 1 parcelas
[99/240] 56_1253: 3 parcelas
[100/240] 56_1260: 1 parcelas
[101/240] 56_1265: 1 parcelas
[102/240] 56_1266: 1 parcelas
[103/240] 56_1269: 1 parcelas
[104/240] 56_1272: 4 parcelas
[105/240] 56_1276: 3 parcelas
[106/240] 56_1296: 1 parcelas
[107/240] 56_1329: 4 parcelas
[108/240] 56_1330: 16 parcelas
[109/240] 57_1172: 1 parcelas
[110/240] 57_1196: 2 parcelas
[111/240] 57_1198: 1 parcelas
[112/240] 57_1199: 1 parcelas
[113/240] 57_1259: 2 parcelas
[114/240] 57_1265: 5 parcelas
[115/240] 57_1267: 1 parcelas
[116/240] 57_1268: 4 parcelas
[117/240] 57_1279: 3 parcelas
[118/240] 57_1329: 4 parcelas
[119/240] 57_1330: 6 parcelas
[120/240] 58_1196: 1 parcelas
[121/240] 58_1248: 1 parcelas
[122/240] 58_1249: 2 parcelas
[123/240] 58_1265: 1 parcelas
[124/240] 58_1269: 1 parcelas
[125/240] 58_1279: 2 parcelas
[126/240] 58_1306: 4 parcelas
[127/240] 58_1307: 24 parcelas
[128/240] 58_1308: 3 parcelas
[129/240] 59_1196: 1 parcelas
[130/240] 59_1202: 1 parcelas
[131/240] 59_1267: 7 parcelas
[132/240] 59_1268: 1 parcelas
[133/240] 59_1270: 1 parcelas
[134/240] 59_1272: 5 parcelas
[135/240] 59_1276: 6 parcelas
[136/240] 59_1303: 1 parcelas
[137/240] 60_1213: 1 parcelas
[138/240] 60_1243: 1 parcelas
[139/240] 60_1244: 5 parcelas
[140/240] 60_1245: 2 parcelas
[141/240] 60_1266: 47 parcelas
[142/240] 60_1268: 1 parcelas
[143/240] 60_1269: 2 parcelas
[144/240] 60_1270: 5 parcelas
[145/240] 60_1271: 4 parcelas
[146/240] 60_1277: 4 parcelas
[147/240] 60_1302: 12 parcelas
[148/240] 60_1303: 12 parcelas
[149/240] 60_1304: 2 parcelas
[150/240] 61_1243: 3 parcelas
[151/240] 61_1244: 4 parcelas
[152/240] 61_1245: 3 parcelas
[153/240] 61_1253: 1 parcelas
[154/240] 61_1270: 4 parcelas
[155/240] 61_1276: 1 parcelas
[156/240] 61_1288: 1 parcelas
[157/240] 61_1303: 2 parcelas
[158/240] 62_1206: 1 parcelas
[159/240] 62_1243: 4 parcelas
[160/240] 62_1244: 4 parcelas
[161/240] 62_1248: 6 parcelas
[162/240] 62_1249: 6 parcelas
[163/240] 62_1268: 3 parcelas
[164/240] 62_1269: 1 parcelas
[165/240] 63_1244: 3 parcelas
[166/240] 63_1250: 2 parcelas
[167/240] 63_1251: 1 parcelas
[168/240] 63_1252: 3 parcelas
[169/240] 63_1256: 1 parcelas
[170/240] 63_1265: 1 parcelas
[171/240] 64_1228: 1 parcelas
[172/240] 64_1244: 6 parcelas
[173/240] 64_1246: 2 parcelas
[174/240] 64_1247: 5 parcelas
[175/240] 64_1250: 1 parcelas
[176/240] 64_1251: 1 parcelas
[177/240] 64_1252: 7 parcelas
[178/240] 64_1258: 2 parcelas
[179/240] 64_1259: 3 parcelas
[180/240] 64_1265: 5 parcelas
[181/240] 65_1258: 5 parcelas
[182/240] 65_1265: 1 parcelas
[183/240] 65_1269: 1 parcelas
[184/240] 65_1270: 1 parcelas
[185/240] 66_1253: 6 parcelas
[186/240] 66_1254: 1 parcelas
[187/240] 66_1257: 1 parcelas
[188/240] 66_1265: 7 parcelas
[189/240] 66_1290: 26 parcelas
[190/240] 67_1225: 1 parcelas
[191/240] 67_1249: 2 parcelas
[192/240] 67_1250: 1 parcelas
[193/240] 67_1256: 2 parcelas
[194/240] 67_1257: 2 parcelas
[195/240] 67_1275: 8 parcelas
[196/240] 67_1277: 4 parcelas
[197/240] 68_1231: 1 parcelas
[198/240] 68_1248: 1 parcelas
[199/240] 68_1249: 1 parcelas
[200/240] 68_1254: 6 parcelas
[201/240] 68_1256: 9 parcelas
[202/240] 68_1257: 3 parcelas
[203/240] 68_1261: 1 parcelas
[204/240] 68_1265: 7 parcelas
[205/240] 68_1270: 1 parcelas
[206/240] 68_1287: 26 parcelas
[207/240] 69_1228: 1 parcelas
[208/240] 69_1255: 6 parcelas
[209/240] 69_1256: 10 parcelas
[210/240] 69_1267: 1 parcelas
[211/240] 70_1252: 3 parcelas
[212/240] 70_1261: 7 parcelas
[213/240] 70_1277: 4 parcelas
[214/240] 71_1251: 1 parcelas
[215/240] 71_1253: 1 parcelas
[216/240] 71_1258: 1 parcelas
[217/240] 71_1262: 3 parcelas
[218/240] 71_1263: 1 parcelas
[219/240] 71_1277: 4 parcelas
[220/240] 72_1242: 1 parcelas
[221/240] 72_1252: 1 parcelas
[222/240] 72_1253: 25 parcelas
[223/240] 72_1254: 4 parcelas
[224/240] 72_1255: 21 parcelas
[225/240] 72_1258: 10 parcelas
[226/240] 72_1259: 8 parcelas
[227/240] 72_1260: 8 parcelas
[228/240] 72_1261: 24 parcelas
[229/240] 73_1241: 1 parcelas
[230/240] 73_1253: 5 parcelas
[231/240] 73_1256: 1 parcelas
[232/240] 73_1257: 1 parcelas
[233/240] 73_1261: 2 parcelas
[234/240] 73_1262: 1 parcelas
[235/240] 74_1261: 27 parcelas
[236/240] 75_1260: 30 parcelas
[237/240] 75_1261: 72 parcelas
[238/240] 76_1257: 1 parcelas
[239/240] 80_1271: 4 parcelas
[240/240] 81_1236: 1 parcelas

1082 parcelas con topografia -> data/derived/topography/
       elevation    slope  heat_load      tpi
count    1082.00  1082.00    1079.00  1082.00
mean      740.99    15.25       0.96     0.36
std       524.26     8.89       0.11     7.57
min         0.00     0.00       0.54   -27.31
25%       370.43     7.42       0.91    -3.44
50%       602.94    14.55       0.98    -0.17
75%      1008.89    22.45       1.04     3.36
max      3820.45    40.30       1.13    35.68

==============================================================
ADVERTENCIAS COLAPSADAS (clase @ origen: conteo)
==============================================================
      1  RuntimeWarning @ 03_extract_topography.py: Mean of empty slice
      1  RuntimeWarning @ _nanfunctions_impl.py: Degrees of freedom <= 0 for slice.
