5,892 retained tiles
  MapBiomas 2000 (for 2000): native 8,174,472 px, union 8,174,472
  MapBiomas 2003 (for 2003): native 8,180,063 px, union 8,665,613
  MapBiomas 2006 (for 2006): native 8,268,544 px, union 8,969,731
  MapBiomas 2009 (for 2009): native 8,168,046 px, union 9,148,421
  MapBiomas 2012 (for 2012): native 8,168,997 px, union 9,305,481
  MapBiomas 2015 (for 2015): native 8,312,372 px, union 9,468,545
  MapBiomas 2018 (for 2018): native 8,287,388 px, union 9,590,636
  MapBiomas 2021 (for 2021): native 8,238,603 px, union 9,682,395
  MapBiomas 2024 (for 2024): native 8,201,642 px, union 9,762,846

native decimated pixels per tile: median 1532, p99 3006, max 3096

   threshold  tiles dropped  % of tiles  load h saved  % native px lost
           1              0        0.0%            0h             0.00%
           2             23        0.4%            7h             0.00%
           5             51        0.9%           16h             0.00%
          10             77        1.3%           24h             0.00%
          20            123        2.1%           38h             0.01%
          41            197        3.3%           60h             0.04%
          82            283        4.8%           86h             0.10%
         164            422        7.2%          129h             0.29%

-> /home/jovyan/temp/Biodiversity_Chile/results/figures/tiles_native_10km_cover.csv
