/env/lib/python3.12/site-packages/sklearn/base.py:463: InconsistentVersionWarning: Trying to unpickle estimator StandardScaler from version 1.3.1 when using version 1.8.0. This might lead to breaking code or invalid results. Use at your own risk. For more info please refer to:
https://scikit-learn.org/stable/model_persistence.html#security-maintainability-limitations
  warnings.warn(
/env/lib/python3.12/site-packages/sklearn/base.py:463: InconsistentVersionWarning: Trying to unpickle estimator PowerTransformer from version 1.3.1 when using version 1.8.0. This might lead to breaking code or invalid results. Use at your own risk. For more info please refer to:
https://scikit-learn.org/stable/model_persistence.html#security-maintainability-limitations
  warnings.warn(
1 tiles of 10 km, years 2000-2026 (27), archive span 1998-2026
ensemble: 5 seeds, targets ['lcbd_count_sorensen', 'pd_inext_q0', 'pd_inext_q1', 'pd_inext_q2', 'td_inext_q0', 'td_inext_q1', 'td_inext_q2'], context ['topo_elevation', 'topo_slope', 'topo_northness', 'topo_eastness', 'topo_heat_load', 'topo_tpi', 'topo_tri', 'topo_curvature', 'topo_topo_flat', 'area_log10', 'area_stratum_counts', 'area_stratum_presence', 'area_stratum_basal']
smearing: residuals from results/models_unified_topofix/C2D02_serpentine_kndvi_raw100_pg-all_unified_maekndvi_m06_ctr/kfold5_block20_unified/oof_predictions.csv ([2499, 888, 888, 888, 895, 895, 895] usable per target)
range clipping: training targets loaded
dask: local cluster, 8 workers; dashboard /user/jlopatin/proxy/8787/status
/env/lib/python3.12/site-packages/distributed/client.py:3398: UserWarning: Sending large graph of size 14.08 MiB.
This may cause some slowdown.
Consider loading the data with Dask directly
 or using futures or delayed objects to embed the data into the graph without repetition.
See also https://docs.dask.org/en/stable/best-practices.html#load-data-with-dask for more information.
  warnings.warn(
[1/1] t18_600: 1811 dates, 333x333 px, load 294s
    27 years in 1187s (pred px/yr median 46369)

-> results/maps/pilot_cauquenes/ (manifest.csv, run.json, tiles.csv, <tile>_<year>.tif)
