
[arch] 16 jobs
  [  1/16] arch_wB                                              ok             0.0m
  [  2/16] arch_wC_noaug                                        ok             1.0m
  [  3/16] arch_wB_noaug                                        ok             1.1m
  [  4/16] arch_res                                             ok             2.2m
  [  5/16] arch_wC                                              ok             2.9m
  [  6/16] arch_se                                              ok             3.6m
  [  7/16] arch_multi                                           ok             4.3m
  [  8/16] aug_s0.05_p1.0                                       ok             6.0m
  [  9/16] aug_s0.1_p1.0                                        ok             6.5m
  [ 10/16] aug_s0.0_p0.15                                       ok             7.8m
  [ 11/16] aug_s0.05_p0.15                                      ok             8.4m
  [ 12/16] reg_0.2_0.3                                          ok             8.8m
  [ 13/16] reg_0.1_0.5                                          ok             9.6m

[arch] 16 jobs
  [  1/16] arch_wB_noaug                                        ok             0.0m
  [  2/16] arch_wB                                              ok             0.0m
  [  3/16] arch_wC_noaug                                        ok             0.1m
  [  4/16] arch_wC                                              ok             0.1m
  [  5/16] arch_res                                             ok             0.1m
  [  6/16] arch_se                                              ok             0.1m
  [  7/16] arch_multi                                           ok             0.1m
  [  8/16] aug_s0.05_p1.0                                       ok             0.1m
  [  9/16] aug_s0.1_p1.0                                        ok             0.2m
  [ 10/16] aug_s0.0_p0.15                                       ok             0.2m
  [ 11/16] aug_s0.05_p0.15                                      ok             0.2m
  [ 12/16] reg_0.2_0.3                                          ok             0.2m
  [ 13/16] reg_0.1_0.5                                          ok             0.2m
  [ 14/16] reg_0.2_0.5                                          ok             0.3m
  [ 15/16] wd_0.03                                              ok             1.2m
  [ 16/16] wd_0.1                                               ok             1.2m
95 convolutional runs under kfold5_window

facet                                                                                    alpha  beta_pa  beta_cover  phylo   dark   mean
run_id                                                                family substrate                                                  
C2D02_serpentine_kndvi_linear_shrink_wC_ctxclim-topo-area             C2D    serpentine  0.455    0.496       0.313  0.156  0.397  0.363
C2D02_serpentine_kndvi_RBF_reflect_ctxclim-topo-area                  C2D    serpentine  0.458    0.491       0.313  0.164  0.387  0.363
C2D02_serpentine_kndvi_RBF_shrink_ctxclim-topo-area                   C2D    serpentine  0.459    0.496       0.309  0.166  0.382  0.363
C2D02_serpentine_kndvi_linear_shrink_ctxclim-topo-area_slope005_ap015 C2D    serpentine  0.460    0.490       0.312  0.161  0.388  0.362
C2D02_serpentine_kndvi_linear_shrink_noaug_ctxclim-topo-area_weig003  C2D    serpentine  0.458    0.487       0.314  0.174  0.378  0.362
C2D02_serpentine_kndvi_ctxclim-topo-area                              C2D    serpentine  0.464    0.489       0.308  0.168  0.380  0.362
C2D02_serpentine_kndvi_linear_shrink_noaug_ctxclim-topo-area_weig01   C2D    serpentine  0.452    0.490       0.319  0.167  0.376  0.361
C2D02_serpentine_kndvi_linear_shrink_ctxclim-topo-area_slope005       C2D    serpentine  0.454    0.492       0.306  0.168  0.383  0.361
C2D02_serpentine_kndvi_linear_shrink_noaug_ctxclim-topo-area          C2D    serpentine  0.456    0.486       0.315  0.172  0.374  0.360
C2D02_serpentine_kndvi_linear_shrink_ctxclim-topo-area_ap015          C2D    serpentine  0.457    0.490       0.313  0.168  0.371  0.360
C2D02_serpentine_kndvi_harmonic_shrink_ctxclim-topo-area              C2D    serpentine  0.462    0.491       0.304  0.170  0.372  0.360
C2D02_serpentine_kndvi_linear_shrink_noaug_ctxclim-topo-area_res      C2D    serpentine  0.456    0.492       0.314  0.157  0.378  0.359
C2D02_serpentine_kndvi_whittaker_reflect_ctxclim-topo-area            C2D    serpentine  0.459    0.487       0.305  0.166  0.377  0.359
C1D01_curve1d_kndvi_ctxclim-topo-area                                 C1D    curve1d     0.465    0.484       0.301  0.177  0.368  0.359
C2D01_reshape_kndvi_ctxclim-topo-area                                 C2D    reshape     0.455    0.487       0.304  0.164  0.380  0.358
C2D02_serpentine_kndvi_linear_shrink_ctxclim-topo-area                C2D    serpentine  0.457    0.487       0.309  0.165  0.370  0.358
C2D02_serpentine_kndvi_whittaker_shrink_ctxclim-topo-area             C2D    serpentine  0.453    0.486       0.302  0.172  0.370  0.357
C2D02_serpentine_kndvi_linear_shrink_wC_noaug_ctxclim-topo-area       C2D    serpentine  0.446    0.495       0.307  0.142  0.389  0.356
C2D02_serpentine_kndvi_linear_reflect_ctxclim-topo-area               C2D    serpentine  0.455    0.486       0.298  0.165  0.373  0.355
C2D02_serpentine_kndvi_linear_shrink_noaug_ctxclim-topo-area_se       C2D    serpentine  0.452    0.484       0.302  0.167  0.370  0.355

best run of each family (mean over the five facets):

family
MLP     0.386
RF      0.367
C2D     0.363
BASE    0.363
C1D     0.359

  still 0.022 behind   (seed noise ~0.011, so 2 sd = 0.022)

  -> results/tables/cnn_search.csv
