=== time_within_owner  09:40:17
=== fin  2026-08-12 09:50:49
media sobre las cinco facetas, mismo modelo bajo cada esquema:

scheme   kfold5_window  kfold_time  kfold_loc_time  time_within_owner
familia                                                              
BASE             0.363       0.001          -0.055             -0.100
C1D              0.360      -0.104          -0.152                NaN
C2D              0.383      -0.121          -0.164             -0.388
MLP              0.396      -0.082          -0.160             -0.352
RF               0.381       0.040          -0.000             -0.030

caida respecto de kfold5_window:
scheme   kfold_time  kfold_loc_time  time_within_owner
familia                                               
BASE         -0.361          -0.418             -0.463
C1D          -0.464          -0.512                NaN
C2D          -0.504          -0.547             -0.770
MLP          -0.478          -0.556             -0.748
RF           -0.342          -0.381             -0.411

descomposicion sitio/tiempo: falta kfold5_block20. Sin el termino espacial puro no se puede separar cuanto de la caida del LLTO es el sitio y cuanto el ano; correr esos esquemas para los cabezas de familia.

por faceta bajo kfold_loc_time (sitio nuevo y ano nuevo):
         alpha  beta_pa  beta_cover  phylo   dark  media
familia                                                 
RF      -0.263    0.243      -0.054 -0.047  0.120 -0.000
BASE    -0.123   -0.106      -0.000  0.012 -0.057 -0.055
C1D     -0.269   -0.003      -0.052 -0.011 -0.423 -0.152
MLP     -0.407    0.022      -0.011 -0.051 -0.352 -0.160
C2D     -0.302   -0.078      -0.018 -0.035 -0.387 -0.164

  -> results/tables/temporal_validation.csv
