1082 cubes  |  reconstructor=dlog_elmore  |  nGS=52 rollWindow=5 rollMode=reflect
phenosensing: /mnt/rapidita_4T/GitHub/PhenoSensing/phenosensing
  [100/1082] 0.4 min
  [200/1082] 0.8 min
  [300/1082] 1.3 min
  [400/1082] 1.8 min
  [500/1082] 2.3 min
  [600/1082] 2.8 min
  [700/1082] 3.2 min
  [800/1082] 3.7 min
  [900/1082] 4.1 min
  [1000/1082] 4.7 min
  [1082/1082] 5.1 min

1082 plots refitted in 5.1 min

Year-boundary step, median over plots:

  index       before      after   shrink  after / typical step
  ndvi       0.04754    0.01970     2.4x                 8.40x
  evi        0.02734    0.02269     1.2x                19.82x
  kndvi      0.03318    0.01112     3.0x                 7.41x
  nbr        0.04425    0.01209     3.7x                 4.92x
  savi       0.02811    0.02277     1.2x                20.72x

The ratio should come DOWN but NOT to 1. Part of the boundary step is real: a
multi-year composite joins the end of one year to the start of the next, so if
productivity changed the two ends genuinely differ. Regressed on the interannual
trend the step has slope -1.31, against the -1 the compositing predicts. A ratio
near 1 would mean that signal had been erased too -- which is what `--recon
harmonic` does. See docs/13_phenology_year_boundary.md.

  -> data/derived/phenoshape_{by_index,pixels,doy_grid}_dlog_elmore_reflect.parquet
  -> data/derived/refit_report_dlog_elmore_reflect.csv

Next: scripts/04_recompute_lsp.py on the new curves, then the model matrix.

